
Discarded input sections

 .text          0x00000000        0x0 .out/main.obj
 .text._ZN2em4textEPKct
                0x00000000        0x6 .out/main.obj
 .text.__is_warm
                0x00000000        0x4 .out/main.obj
 .bss._ZN2em4nullE
                0x00000000        0x4 .out/main.obj
 .bss._ZN2em5$nullE
                0x00000000        0x4 .out/main.obj

Memory Configuration

Name             Origin             Length             Attributes
DMEM             0x2003c000         0x00004000
IMEM             0x00000000         0x00008000
*default*        0x00000000         0xffffffff

Linker script and memory map

                0x00000000                        __boot_flag__ = 0x0

.intvec         0x00000000      0x478
 *(.intvec)
 .intvec        0x00000000      0x478 .out/main.obj
                0x00000000                __vector_table

.text           0x00000478      0x148
 *(.start)
 .start         0x00000478       0x6c .out/main.obj
                0x00000478                em__start
 *(.text .text.*)
 .text.DEFAULT_isr$$
                0x000004e4       0x16 .out/main.obj
                0x000004e4                DEFAULT_isr$$
 *fill*         0x000004fa        0x2 
 .text.main     0x000004fc       0xb0 .out/main.obj
                0x000004fc                main
 .text._ZL8em__donev
                0x000005ac       0x12 .out/main.obj
                0x000005c0                        . = ALIGN (., 0x4)
 *fill*         0x000005be        0x2 

.glue_7         0x000005c0        0x0
 .glue_7        0x000005c0        0x0 linker stubs

.glue_7t        0x000005c0        0x0
 .glue_7t       0x000005c0        0x0 linker stubs

.vfp11_veneer   0x000005c0        0x0
 .vfp11_veneer  0x000005c0        0x0 linker stubs

.v4_bx          0x000005c0        0x0
 .v4_bx         0x000005c0        0x0 linker stubs

.iplt           0x000005c0        0x0
 .iplt          0x000005c0        0x0 .out/main.obj

.rel.dyn        0x000005c0        0x0
 .rel.iplt      0x000005c0        0x0 .out/main.obj

.ARM.exidx

.const          0x000005c0        0x0
 *(.rodata .rodata.* .constdata .constdata.*)
                0x000005c0                        . = ALIGN (., 0x4)
                0x000005c0                        __data_load_start__ = ALIGN (., 0x4)

.data           0x2003c000        0x0 load address 0x000005c0
 *(.data .data.* .sdata .sdata.*)
                0x2003c000                        . = ALIGN (., 0x4)

.igot.plt       0x2003c000        0x0
 .igot.plt      0x2003c000        0x0 .out/main.obj

.bss            0x2003c000        0x0
 *(.bss .bss.*)
 *(.sbss .sbss.*)
                0x2003c000                        . = ALIGN (., 0x4)
                0x2003c000                        __bss_addr__ = ADDR (.bss)
                0x00000000                        __bss_size__ = (SIZEOF (.bss) / 0x4)
                0x00000478                        __code_addr__ = ADDR (.text)
                0x2003c000                        __data_addr__ = ADDR (.data)
                0x000005c0                        __data_load__ = LOADADDR (.data)
                0x00000000                        __data_size__ = (SIZEOF (.data) / 0x4)
                0xffffffff                        __code_load__ = 0xffffffffffffffff
                0xffffffff                        __code_size__ = 0xffffffffffffffff
                0x2003c000                        __heap_addr__ = (ADDR (.bss) + SIZEOF (.bss))
                0x2003c000                        __global_pointer__ = (__data_addr__ + ((__bss_size__ + __data_size__) / 0x2))
                0x2003c000                        __global_pointer$ = __global_pointer__
                0x20040000                        __stack_top__ = 0x20040000
LOAD .out/main.obj
LOAD C:/Users/bob/work/emporium/tools/segger-arm/lib/libc_v8mml_fpv5_sp_d16_hard_t_le_eabi_balanced.a
LOAD C:/Users/bob/work/emporium/tools/segger-arm/lib/strops_v8mml_fpv5_sp_d16_hard_t_le_eabi_balanced.a
OUTPUT(.out/main.out elf32-littlearm)
LOAD linker stubs

.comment        0x00000000       0x3d
 .comment       0x00000000       0x3d .out/main.obj
                                 0x3e (size before relaxing)

.note.GNU-stack
                0x00000000        0x0
 .note.GNU-stack
                0x00000000        0x0 .out/main.obj

.ARM.attributes
                0x00000000       0x44
 .ARM.attributes
                0x00000000       0x4c .out/main.obj
